[
  {
    "RequestUri": "https://management.core.windows.net//2c224e7e-3ef5-431d-a57b-e71f4662e3a6/services/servicebus/namespaces/onesdk7229",
    "RequestMethod": "GET",
    "RequestBody": "",
    "RequestHeaders": {
      "Accept": [
        "application/atom+xml"
      ],
      "x-ms-version": [
        "2013-08-01"
      ],
      "User-Agent": [
        "Microsoft.WindowsAzure.Management.ServiceBus.ServiceBusManagementClient/1.0.0.0",
        "WindowsAzurePowershell/v0.7.2.1"
      ]
    },
    "ResponseBody": "<string xmlns=\"http://schemas.microsoft.com/2003/10/Serialization/\">Request to a downlevel service failed.</string>",
    "ResponseHeaders": {
      "Date": [
        "Thu, 19 Dec 2013 04:06:40 GMT"
      ],
      "Server": [
        "Microsoft-HTTPAPI/2.0"
      ]
    },
    "StatusCode": 404
  },
  {
    "RequestUri": "https://management.core.windows.net//2c224e7e-3ef5-431d-a57b-e71f4662e3a6/services/servicebus/namespaces/onesdk7229",
    "RequestMethod": "GET",
    "RequestBody": "",
    "RequestHeaders": {
      "Accept": [
        "application/atom+xml"
      ],
      "x-ms-version": [
        "2013-08-01"
      ],
      "User-Agent": [
        "Microsoft.WindowsAzure.Management.ServiceBus.ServiceBusManagementClient/1.0.0.0",
        "WindowsAzurePowershell/v0.7.2.1"
      ]
    },
    "ResponseBody": "<string xmlns=\"http://schemas.microsoft.com/2003/10/Serialization/\">Request to a downlevel service failed.</string>",
    "ResponseHeaders": {
      "Date": [
        "Thu, 19 Dec 2013 04:06:46 GMT"
      ],
      "Server": [
        "Microsoft-HTTPAPI/2.0"
      ]
    },
    "StatusCode": 404
  },
  {
    "RequestUri": "https://management.core.windows.net//2c224e7e-3ef5-431d-a57b-e71f4662e3a6/services/servicebus/namespaces/onesdk7229",
    "RequestMethod": "GET",
    "RequestBody": "",
    "RequestHeaders": {
      "Accept": [
        "application/atom+xml"
      ],
      "x-ms-version": [
        "2013-08-01"
      ],
      "User-Agent": [
        "Microsoft.WindowsAzure.Management.ServiceBus.ServiceBusManagementClient/1.0.0.0",
        "WindowsAzurePowershell/v0.7.2.1"
      ]
    },
    "ResponseBody": "<string xmlns=\"http://schemas.microsoft.com/2003/10/Serialization/\">Request to a downlevel service failed.</string>",
    "ResponseHeaders": {
      "Date": [
        "Thu, 19 Dec 2013 04:06:52 GMT"
      ],
      "Server": [
        "Microsoft-HTTPAPI/2.0"
      ]
    },
    "StatusCode": 404
  },
  {
    "RequestUri": "https://management.core.windows.net//2c224e7e-3ef5-431d-a57b-e71f4662e3a6/services/servicebus/namespaces/onesdk7229",
    "RequestMethod": "GET",
    "RequestBody": "",
    "RequestHeaders": {
      "Accept": [
        "application/atom+xml"
      ],
      "x-ms-version": [
        "2013-08-01"
      ],
      "User-Agent": [
        "Microsoft.WindowsAzure.Management.ServiceBus.ServiceBusManagementClient/1.0.0.0",
        "WindowsAzurePowershell/v0.7.2.1"
      ]
    },
    "ResponseBody": "<string xmlns=\"http://schemas.microsoft.com/2003/10/Serialization/\">Request to a downlevel service failed.</string>",
    "ResponseHeaders": {
      "Date": [
        "Thu, 19 Dec 2013 04:06:57 GMT"
      ],
      "Server": [
        "Microsoft-HTTPAPI/2.0"
      ]
    },
    "StatusCode": 404
  },
  {
    "RequestUri": "https://management.core.windows.net//2c224e7e-3ef5-431d-a57b-e71f4662e3a6/services/servicebus/namespaces/onesdk7229",
    "RequestMethod": "GET",
    "RequestBody": "",
    "RequestHeaders": {
      "Accept": [
        "application/atom+xml"
      ],
      "x-ms-version": [
        "2013-08-01"
      ],
      "User-Agent": [
        "Microsoft.WindowsAzure.Management.ServiceBus.ServiceBusManagementClient/1.0.0.0",
        "WindowsAzurePowershell/v0.7.2.1"
      ]
    },
    "ResponseBody": "<string xmlns=\"http://schemas.microsoft.com/2003/10/Serialization/\">Request to a downlevel service failed.</string>",
    "ResponseHeaders": {
      "Date": [
        "Thu, 19 Dec 2013 04:07:02 GMT"
      ],
      "Server": [
        "Microsoft-HTTPAPI/2.0"
      ]
    },
    "StatusCode": 404
  },
  {
    "RequestUri": "https://management.core.windows.net//2c224e7e-3ef5-431d-a57b-e71f4662e3a6/services/servicebus/namespaces/onesdk7229",
    "RequestMethod": "GET",
    "RequestBody": "",
    "RequestHeaders": {
      "Accept": [
        "application/atom+xml"
      ],
      "x-ms-version": [
        "2013-08-01"
      ],
      "User-Agent": [
        "Microsoft.WindowsAzure.Management.ServiceBus.ServiceBusManagementClient/1.0.0.0",
        "WindowsAzurePowershell/v0.7.2.1"
      ]
    },
    "ResponseBody": "<string xmlns=\"http://schemas.microsoft.com/2003/10/Serialization/\">Request to a downlevel service failed.</string>",
    "ResponseHeaders": {
      "Date": [
        "Thu, 19 Dec 2013 04:07:09 GMT"
      ],
      "Server": [
        "Microsoft-HTTPAPI/2.0"
      ]
    },
    "StatusCode": 404
  },
  {
    "RequestUri": "https://management.core.windows.net//2c224e7e-3ef5-431d-a57b-e71f4662e3a6/services/servicebus/namespaces/onesdk7229",
    "RequestMethod": "GET",
    "RequestBody": "",
    "RequestHeaders": {
      "Accept": [
        "application/atom+xml"
      ],
      "x-ms-version": [
        "2013-08-01"
      ],
      "User-Agent": [
        "Microsoft.WindowsAzure.Management.ServiceBus.ServiceBusManagementClient/1.0.0.0",
        "WindowsAzurePowershell/v0.7.2.1"
      ]
    },
    "ResponseBody": "<string xmlns=\"http://schemas.microsoft.com/2003/10/Serialization/\">Request to a downlevel service failed.</string>",
    "ResponseHeaders": {
      "Date": [
        "Thu, 19 Dec 2013 04:07:13 GMT"
      ],
      "Server": [
        "Microsoft-HTTPAPI/2.0"
      ]
    },
    "StatusCode": 404
  },
  {
    "RequestUri": "https://management.core.windows.net//2c224e7e-3ef5-431d-a57b-e71f4662e3a6/services/servicebus/namespaces/onesdk7229",
    "RequestMethod": "GET",
    "RequestBody": "",
    "RequestHeaders": {
      "Accept": [
        "application/atom+xml"
      ],
      "x-ms-version": [
        "2013-08-01"
      ],
      "User-Agent": [
        "Microsoft.WindowsAzure.Management.ServiceBus.ServiceBusManagementClient/1.0.0.0",
        "WindowsAzurePowershell/v0.7.2.1"
      ]
    },
    "ResponseBody": "<string xmlns=\"http://schemas.microsoft.com/2003/10/Serialization/\">Request to a downlevel service failed.</string>",
    "ResponseHeaders": {
      "Date": [
        "Thu, 19 Dec 2013 04:07:19 GMT"
      ],
      "Server": [
        "Microsoft-HTTPAPI/2.0"
      ]
    },
    "StatusCode": 404
  },
  {
    "RequestUri": "https://management.core.windows.net//2c224e7e-3ef5-431d-a57b-e71f4662e3a6/services/servicebus/namespaces/onesdk7229",
    "RequestMethod": "GET",
    "RequestBody": "",
    "RequestHeaders": {
      "Accept": [
        "application/atom+xml"
      ],
      "x-ms-version": [
        "2013-08-01"
      ],
      "User-Agent": [
        "Microsoft.WindowsAzure.Management.ServiceBus.ServiceBusManagementClient/1.0.0.0",
        "WindowsAzurePowershell/v0.7.2.1"
      ]
    },
    "ResponseBody": "<string xmlns=\"http://schemas.microsoft.com/2003/10/Serialization/\">Request to a downlevel service failed.</string>",
    "ResponseHeaders": {
      "Date": [
        "Thu, 19 Dec 2013 04:07:25 GMT"
      ],
      "Server": [
        "Microsoft-HTTPAPI/2.0"
      ]
    },
    "StatusCode": 404
  },
  {
    "RequestUri": "https://management.core.windows.net//2c224e7e-3ef5-431d-a57b-e71f4662e3a6/services/servicebus/namespaces/onesdk7229",
    "RequestMethod": "GET",
    "RequestBody": "",
    "RequestHeaders": {
      "Accept": [
        "application/atom+xml"
      ],
      "x-ms-version": [
        "2013-08-01"
      ],
      "User-Agent": [
        "Microsoft.WindowsAzure.Management.ServiceBus.ServiceBusManagementClient/1.0.0.0",
        "WindowsAzurePowershell/v0.7.2.1"
      ]
    },
    "ResponseBody": "<string xmlns=\"http://schemas.microsoft.com/2003/10/Serialization/\">Request to a downlevel service failed.</string>",
    "ResponseHeaders": {
      "Date": [
        "Thu, 19 Dec 2013 04:07:30 GMT"
      ],
      "Server": [
        "Microsoft-HTTPAPI/2.0"
      ]
    },
    "StatusCode": 404
  },
  {
    "RequestUri": "https://management.core.windows.net//2c224e7e-3ef5-431d-a57b-e71f4662e3a6/services/servicebus/namespaces/onesdk7229",
    "RequestMethod": "GET",
    "RequestBody": "",
    "RequestHeaders": {
      "Accept": [
        "application/atom+xml"
      ],
      "x-ms-version": [
        "2013-08-01"
      ],
      "User-Agent": [
        "Microsoft.WindowsAzure.Management.ServiceBus.ServiceBusManagementClient/1.0.0.0",
        "WindowsAzurePowershell/v0.7.2.1"
      ]
    },
    "ResponseBody": "<string xmlns=\"http://schemas.microsoft.com/2003/10/Serialization/\">Request to a downlevel service failed.</string>",
    "ResponseHeaders": {
      "Date": [
        "Thu, 19 Dec 2013 04:07:39 GMT"
      ],
      "Server": [
        "Microsoft-HTTPAPI/2.0"
      ]
    },
    "StatusCode": 404
  },
  {
    "RequestUri": "https://management.core.windows.net//2c224e7e-3ef5-431d-a57b-e71f4662e3a6/services/servicebus/namespaces/onesdk7229",
    "RequestMethod": "GET",
    "RequestBody": "",
    "RequestHeaders": {
      "Accept": [
        "application/atom+xml"
      ],
      "x-ms-version": [
        "2013-08-01"
      ],
      "User-Agent": [
        "Microsoft.WindowsAzure.Management.ServiceBus.ServiceBusManagementClient/1.0.0.0",
        "WindowsAzurePowershell/v0.7.2.1"
      ]
    },
    "ResponseBody": "<string xmlns=\"http://schemas.microsoft.com/2003/10/Serialization/\">Request to a downlevel service failed.</string>",
    "ResponseHeaders": {
      "Date": [
        "Thu, 19 Dec 2013 04:07:45 GMT"
      ],
      "Server": [
        "Microsoft-HTTPAPI/2.0"
      ]
    },
    "StatusCode": 404
  },
  {
    "RequestUri": "https://management.core.windows.net//2c224e7e-3ef5-431d-a57b-e71f4662e3a6/services/servicebus/namespaces/onesdk7229",
    "RequestMethod": "GET",
    "RequestBody": "",
    "RequestHeaders": {
      "Accept": [
        "application/atom+xml"
      ],
      "x-ms-version": [
        "2013-08-01"
      ],
      "User-Agent": [
        "Microsoft.WindowsAzure.Management.ServiceBus.ServiceBusManagementClient/1.0.0.0",
        "WindowsAzurePowershell/v0.7.2.1"
      ]
    },
    "ResponseBody": "<string xmlns=\"http://schemas.microsoft.com/2003/10/Serialization/\">Request to a downlevel service failed.</string>",
    "ResponseHeaders": {
      "Date": [
        "Thu, 19 Dec 2013 04:07:50 GMT"
      ],
      "Server": [
        "Microsoft-HTTPAPI/2.0"
      ]
    },
    "StatusCode": 404
  },
  {
    "RequestUri": "https://management.core.windows.net//2c224e7e-3ef5-431d-a57b-e71f4662e3a6/services/servicebus/namespaces/onesdk7229",
    "RequestMethod": "GET",
    "RequestBody": "",
    "RequestHeaders": {
      "Accept": [
        "application/atom+xml"
      ],
      "x-ms-version": [
        "2013-08-01"
      ],
      "User-Agent": [
        "Microsoft.WindowsAzure.Management.ServiceBus.ServiceBusManagementClient/1.0.0.0",
        "WindowsAzurePowershell/v0.7.2.1"
      ]
    },
    "ResponseBody": "<string xmlns=\"http://schemas.microsoft.com/2003/10/Serialization/\">Request to a downlevel service failed.</string>",
    "ResponseHeaders": {
      "Date": [
        "Thu, 19 Dec 2013 04:07:56 GMT"
      ],
      "Server": [
        "Microsoft-HTTPAPI/2.0"
      ]
    },
    "StatusCode": 404
  },
  {
    "RequestUri": "https://management.core.windows.net//2c224e7e-3ef5-431d-a57b-e71f4662e3a6/services/servicebus/namespaces/onesdk7229",
    "RequestMethod": "GET",
    "RequestBody": "",
    "RequestHeaders": {
      "Accept": [
        "application/atom+xml"
      ],
      "x-ms-version": [
        "2013-08-01"
      ],
      "User-Agent": [
        "Microsoft.WindowsAzure.Management.ServiceBus.ServiceBusManagementClient/1.0.0.0",
        "WindowsAzurePowershell/v0.7.2.1"
      ]
    },
    "ResponseBody": "<string xmlns=\"http://schemas.microsoft.com/2003/10/Serialization/\">Request to a downlevel service failed.</string>",
    "ResponseHeaders": {
      "Date": [
        "Thu, 19 Dec 2013 04:08:01 GMT"
      ],
      "Server": [
        "Microsoft-HTTPAPI/2.0"
      ]
    },
    "StatusCode": 404
  },
  {
    "RequestUri": "https://management.core.windows.net//2c224e7e-3ef5-431d-a57b-e71f4662e3a6/services/servicebus/namespaces/onesdk7229",
    "RequestMethod": "GET",
    "RequestBody": "",
    "RequestHeaders": {
      "Accept": [
        "application/atom+xml"
      ],
      "x-ms-version": [
        "2013-08-01"
      ],
      "User-Agent": [
        "Microsoft.WindowsAzure.Management.ServiceBus.ServiceBusManagementClient/1.0.0.0",
        "WindowsAzurePowershell/v0.7.2.1"
      ]
    },
    "ResponseBody": "<string xmlns=\"http://schemas.microsoft.com/2003/10/Serialization/\">Request to a downlevel service failed.</string>",
    "ResponseHeaders": {
      "Date": [
        "Thu, 19 Dec 2013 04:08:07 GMT"
      ],
      "Server": [
        "Microsoft-HTTPAPI/2.0"
      ]
    },
    "StatusCode": 404
  },
  {
    "RequestUri": "https://management.core.windows.net//2c224e7e-3ef5-431d-a57b-e71f4662e3a6/services/servicebus/namespaces/onesdk7229",
    "RequestMethod": "GET",
    "RequestBody": "",
    "RequestHeaders": {
      "Accept": [
        "application/atom+xml"
      ],
      "x-ms-version": [
        "2013-08-01"
      ],
      "User-Agent": [
        "Microsoft.WindowsAzure.Management.ServiceBus.ServiceBusManagementClient/1.0.0.0",
        "WindowsAzurePowershell/v0.7.2.1"
      ]
    },
    "ResponseBody": "<string xmlns=\"http://schemas.microsoft.com/2003/10/Serialization/\">Request to a downlevel service failed.</string>",
    "ResponseHeaders": {
      "Date": [
        "Thu, 19 Dec 2013 04:08:13 GMT"
      ],
      "Server": [
        "Microsoft-HTTPAPI/2.0"
      ]
    },
    "StatusCode": 404
  }
]